 metapipeline #0                                                   
   pipeline #0                                                     
      node #4 output                                               
      node #3 update t                                             
                                                                   
       metapipeline #1                                             
         pipeline #1                                               
            node #3 update t                                       
            node #2 projection (:project @0 :ret, :push true :ret) 
            node #1 filter :project @1 :ret                        
            node #0 scan t (id, b)                                 
                                                                   