 projection (:project @0 :return, :project @1 :push 1 :call :return) in=2 out=2 
   filter :project @1 :push 2 :call :return in=4 out=2                          
     scan integers (id, i) in=0 out=4                                           
                                                                                