 projection (.agg.sum(t.a), .agg.sum(t.a), .agg.sum(t.a))                
   order by (.agg.sum(t.a))                                              
     projection (agg.sum(t.a), agg.sum(t.a), agg.sum(t.a), agg.sum(t.a)) 
       ungrouped aggregate (sum(t.a))                                    
         scan 3 values                                                   
                                                                         