 projection (:project @0 :ret, :project @1 :ret, :project @2 :ret)                       
   order by (:project @3 :ret)                                                           
     projection (:project @1 :ret, :project @1 :ret, :project @1 :ret, :project @1 :ret) 
       hash aggregate (sum(:project @0 :ret)) by :project @0 :ret                        
         scan 3 values                                                                   
                                                                                         