 projection (<compiled expr>, <compiled expr>, <compiled expr>)                      
   order by (<compiled expr>)                                                        
     projection (<compiled expr>, <compiled expr>, <compiled expr>, <compiled expr>) 
       ungrouped aggregate (sum(<compiled expr>))                                    
         scan 3 values                                                               
                                                                                     