 projection (:project @0 :ret, :project @1 :ret, :project @2 :ret)                       
   order by (:project @3 :ret)                                                           
     projection (:project @0 :ret, :project @0 :ret, :project @0 :ret, :project @0 :ret) 
       ungrouped aggregate (sum(:project @0 :ret))                                       
         scan 3 values                                                                   
                                                                                         