 projection (<compiled expr>, <compiled expr>, <compiled expr>)                      
   order by (<compiled expr>)                                                        
     projection (<compiled expr>, <compiled expr>, <compiled expr>, <compiled expr>) 
       hash aggregate (sum(<compiled expr>)) by <compiled expr>                      
         scan 3 values                                                               
                                                                                     